Last login: Fri Jul 24 20:26:04 on ttys000
-bash: rem: command not found
b shell

The default interactive shell is now zsh.
To update your account to use zsh, please run `chsh -s /bin/zsh`.
For more details, please visit https://support.apple.com/kb/HT208050.
mm20:python-broadlink ngcchk$ ls
LICENSE			cli			setup.py
README.md		protocol.md
broadlink		requirements.txt
mm20:python-broadlink ngcchk$ python3 setup.py
usage: setup.py [global_opts] cmd1 [cmd1_opts] [cmd2 [cmd2_opts] ...]
   or: setup.py --help [cmd1 cmd2 ...]
   or: setup.py --help-commands
   or: setup.py cmd --help

error: no commands supplied
mm20:python-broadlink ngcchk$ ./setup.py
-bash: ./setup.py: Permission denied
mm20:python-broadlink ngcchk$ setup.py
-bash: ./setup.py: Permission denied
mm20:python-broadlink ngcchk$ chmod +x setup.py
mm20:python-broadlink ngcchk$ setup.py
usage: setup.py [global_opts] cmd1 [cmd1_opts] [cmd2 [cmd2_opts] ...]
   or: setup.py --help [cmd1 cmd2 ...]
   or: setup.py --help-commands
   or: setup.py cmd --help

error: no commands supplied
mm20:python-broadlink ngcchk$ sh setup.py
from: can't read /var/mail/setuptools
setup.py: line 8: version: command not found
setup.py: line 10: syntax error near unexpected token `newline'
setup.py: line 10: `setup('
mm20:python-broadlink ngcchk$ python setup.py install
running install
running bdist_egg
running egg_info
creating broadlink.egg-info
writing broadlink.egg-info/PKG-INFO
writing dependency_links to broadlink.egg-info/dependency_links.txt
writing requirements to broadlink.egg-info/requires.txt
writing top-level names to broadlink.egg-info/top_level.txt
writing manifest file 'broadlink.egg-info/SOURCES.txt'
reading manifest file 'broadlink.egg-info/SOURCES.txt'
writing manifest file 'broadlink.egg-info/SOURCES.txt'
installing library code to build/bdist.macosx-10.15-x86_64/egg
running install_lib
running build_py
creating build
creating build/lib
creating build/lib/broadlink
copying broadlink/__init__.py -> build/lib/broadlink
copying broadlink/exceptions.py -> build/lib/broadlink
creating build/bdist.macosx-10.15-x86_64
creating build/bdist.macosx-10.15-x86_64/egg
creating build/bdist.macosx-10.15-x86_64/egg/broadlink
copying build/lib/broadlink/__init__.py -> build/bdist.macosx-10.15-x86_64/egg/broadlink
copying build/lib/broadlink/exceptions.py -> build/bdist.macosx-10.15-x86_64/egg/broadlink
byte-compiling build/bdist.macosx-10.15-x86_64/egg/broadlink/__init__.py to __init__.cpython-38.pyc
byte-compiling build/bdist.macosx-10.15-x86_64/egg/broadlink/exceptions.py to exceptions.cpython-38.pyc
creating build/bdist.macosx-10.15-x86_64/egg/EGG-INFO
copying broadlink.egg-info/PKG-INFO -> build/bdist.macosx-10.15-x86_64/egg/EGG-INFO
copying broadlink.egg-info/SOURCES.txt -> build/bdist.macosx-10.15-x86_64/egg/EGG-INFO
copying broadlink.egg-info/dependency_links.txt -> build/bdist.macosx-10.15-x86_64/egg/EGG-INFO
copying broadlink.egg-info/not-zip-safe -> build/bdist.macosx-10.15-x86_64/egg/EGG-INFO
copying broadlink.egg-info/requires.txt -> build/bdist.macosx-10.15-x86_64/egg/EGG-INFO
copying broadlink.egg-info/top_level.txt -> build/bdist.macosx-10.15-x86_64/egg/EGG-INFO
creating dist
creating 'dist/broadlink-0.14.0-py3.8.egg' and adding 'build/bdist.macosx-10.15-x86_64/egg' to it
removing 'build/bdist.macosx-10.15-x86_64/egg' (and everything under it)
Processing broadlink-0.14.0-py3.8.egg
creating /Users/ngcchk/.pyenv/versions/3.8.2/lib/python3.8/site-packages/broadlink-0.14.0-py3.8.egg
Extracting broadlink-0.14.0-py3.8.egg to /Users/ngcchk/.pyenv/versions/3.8.2/lib/python3.8/site-packages
Adding broadlink 0.14.0 to easy-install.pth file

Installed /Users/ngcchk/.pyenv/versions/3.8.2/lib/python3.8/site-packages/broadlink-0.14.0-py3.8.egg
Processing dependencies for broadlink==0.14.0
Searching for cryptography==2.9.2
Best match: cryptography 2.9.2
Adding cryptography 2.9.2 to easy-install.pth file

Using /Users/ngcchk/.pyenv/versions/3.8.2/lib/python3.8/site-packages
Searching for six==1.15.0
Best match: six 1.15.0
Adding six 1.15.0 to easy-install.pth file

Using /Users/ngcchk/.pyenv/versions/3.8.2/lib/python3.8/site-packages
Searching for cffi==1.14.0
Best match: cffi 1.14.0
Adding cffi 1.14.0 to easy-install.pth file

Using /Users/ngcchk/.pyenv/versions/3.8.2/lib/python3.8/site-packages
Searching for pycparser==2.20
Best match: pycparser 2.20
Adding pycparser 2.20 to easy-install.pth file

Using /Users/ngcchk/.pyenv/versions/3.8.2/lib/python3.8/site-packages
Finished processing dependencies for broadlink==0.14.0
mm20:python-broadlink ngcchk$ ls
LICENSE			build			requirements.txt
README.md		cli			setup.py
broadlink		dist
broadlink.egg-info	protocol.md
mm20:python-broadlink ngcchk$ python
Python 3.8.2 (default, Apr 25 2020, 15:15:04) 
[Clang 11.0.3 (clang-1103.0.32.59)] on darwin
Type "help", "copyright", "credits" or "license" for more information.
>>> import broadlink
>>> devices = broadlink.discover(timeout=5)
>>> devices[0].auth()
Traceback (most recent call last):
  File "<stdin>", line 1, in <module>
IndexError: list index out of range
>>> devices = broadlink.discover(timeout=30)
>>> devices[0].auth()
Traceback (most recent call last):
  File "<stdin>", line 1, in <module>
  File "/Users/ngcchk/Downloads/_Github/python-broadlink/broadlink/__init__.py", line 270, in auth
    check_error(response[0x22:0x24])
  File "/Users/ngcchk/Downloads/_Github/python-broadlink/broadlink/exceptions.py", line 97, in check_error
    raise exception(error_code)
broadlink.exceptions.AuthenticationError: Authentication failed
>>> print devices
  File "<stdin>", line 1
    print devices
          ^
SyntaxError: Missing parentheses in call to 'print'. Did you mean print(devices)?
>>> print devices[0]
  File "<stdin>", line 1
    print devices[0]
          ^
SyntaxError: Missing parentheses in call to 'print'. Did you mean print(devices[0])?
>>> print(devices[0])
<broadlink.rm4 object at 0x108e8d1c0>
>>> devices[0].sweep_frequency()
Traceback (most recent call last):
  File "<stdin>", line 1, in <module>
  File "/Users/ngcchk/Downloads/_Github/python-broadlink/broadlink/__init__.py", line 651, in sweep_frequency
    check_error(response[0x22:0x24])
  File "/Users/ngcchk/Downloads/_Github/python-broadlink/broadlink/exceptions.py", line 97, in check_error
    raise exception(error_code)
broadlink.exceptions.AuthorizationError: Control key is expired
>>>  print(devices[0])
  File "<stdin>", line 1
    print(devices[0])
    ^
IndentationError: unexpected indent
>>> print(devices[0])
<broadlink.rm4 object at 0x108e8d1c0>
>>> print(devices[0].dir())
Traceback (most recent call last):
  File "<stdin>", line 1, in <module>
AttributeError: 'rm4' object has no attribute 'dir'
>>> print(devices[0].id())
Traceback (most recent call last):
  File "<stdin>", line 1, in <module>
TypeError: 'bytearray' object is not callable
>>> print(devices[0].id)
bytearray(b'\x00\x00\x00\x00')
>>> print(devices[0].dir)
Traceback (most recent call last):
  File "<stdin>", line 1, in <module>
AttributeError: 'rm4' object has no attribute 'dir'
>>> print(devices[0].globals)
Traceback (most recent call last):
  File "<stdin>", line 1, in <module>
AttributeError: 'rm4' object has no attribute 'globals'
>>> print(devices[0].type())
Traceback (most recent call last):
  File "<stdin>", line 1, in <module>
TypeError: 'str' object is not callable
>>> print(devices[0].__dict__)
{'host': ('192.168.7.52', 80), 'mac': bytearray(b'$\xdf\xa7\xe0\x19\xf9'), 'devtype': 24374, 'timeout': 10, 'name': '智能遥控', 'model': 'RM mini 3', 'manufacturer': 'Broadlink', 'cloud': True, 'count': 56346, 'iv': bytearray(b'V.\x17\x99m\t=(\xdd\xb3\xbaiZ.oX'), 'id': bytearray(b'\x00\x00\x00\x00'), 'type': 'RM4', 'lock': <unlocked _thread.lock object at 0x108fa0db0>, 'aes': <cryptography.hazmat.primitives.ciphers.base.Cipher object at 0x109256310>, '_request_header': b'\x04\x00', '_code_sending_header': b'\xd0\x00'}
>>> devices = broadlink.discover(timeout=30)
>>> print(devices[0].__dict__)
{'host': ('192.168.7.99', 80), 'mac': bytearray(b'$\xdf\xa76c\xac'), 'devtype': 24374, 'timeout': 10, 'name': '智能遥控', 'model': 'RM mini 3', 'manufacturer': 'Broadlink', 'cloud': False, 'count': 26747, 'iv': bytearray(b'V.\x17\x99m\t=(\xdd\xb3\xbaiZ.oX'), 'id': bytearray(b'\x00\x00\x00\x00'), 'type': 'RM4', 'lock': <unlocked _thread.lock object at 0x109c468a0>, 'aes': <cryptography.hazmat.primitives.ciphers.base.Cipher object at 0x109c469d0>, '_request_header': b'\x04\x00', '_code_sending_header': b'\xd0\x00'}
>>> print(devices[1].__dict__)
{'host': ('192.168.7.52', 80), 'mac': bytearray(b'$\xdf\xa7\xe0\x19\xf9'), 'devtype': 24374, 'timeout': 10, 'name': '智能遥控', 'model': 'RM mini 3', 'manufacturer': 'Broadlink', 'cloud': True, 'count': 1843, 'iv': bytearray(b'V.\x17\x99m\t=(\xdd\xb3\xbaiZ.oX'), 'id': bytearray(b'\x00\x00\x00\x00'), 'type': 'RM4', 'lock': <unlocked _thread.lock object at 0x109c46a50>, 'aes': <cryptography.hazmat.primitives.ciphers.base.Cipher object at 0x109c46b80>, '_request_header': b'\x04\x00', '_code_sending_header': b'\xd0\x00'}
>>> print(devices[2].__dict__)
Traceback (most recent call last):
  File "<stdin>", line 1, in <module>
IndexError: list index out of range
>>> devices[0].auth
<bound method device.auth of <broadlink.rm4 object at 0x109097100>>
>>> devices[0].auth()
True
>>> devices[0].enter_learning()
>>> devices[0].sweep_frequency()
Traceback (most recent call last):
  File "/Users/ngcchk/Downloads/_Github/python-broadlink/broadlink/__init__.py", line 368, in send_packet
    response = cs.recvfrom(2048)
socket.timeout: timed out

During handling of the above exception, another exception occurred:

Traceback (most recent call last):
  File "<stdin>", line 1, in <module>
  File "/Users/ngcchk/Downloads/_Github/python-broadlink/broadlink/__init__.py", line 650, in sweep_frequency
    response = self.send_packet(0x6a, packet)
  File "/Users/ngcchk/Downloads/_Github/python-broadlink/broadlink/__init__.py", line 373, in send_packet
    raise exception(0xfffd)
broadlink.exceptions.DeviceOfflineError: The device is offline
>>> devices[0].auth()
^[[ATraceback (most recent call last):
  File "/Users/ngcchk/Downloads/_Github/python-broadlink/broadlink/__init__.py", line 368, in send_packet
    response = cs.recvfrom(2048)
socket.timeout: timed out

During handling of the above exception, another exception occurred:

Traceback (most recent call last):
  File "<stdin>", line 1, in <module>
  File "/Users/ngcchk/Downloads/_Github/python-broadlink/broadlink/__init__.py", line 269, in auth
    response = self.send_packet(0x65, payload)
  File "/Users/ngcchk/Downloads/_Github/python-broadlink/broadlink/__init__.py", line 373, in send_packet
    raise exception(0xfffd)
broadlink.exceptions.DeviceOfflineError: The device is offline
>>> devices = broadlink.discover(timeout=10)
>>> print(devices[0].__dict__)
{'host': ('192.168.7.52', 80), 'mac': bytearray(b'$\xdf\xa7\xe0\x19\xf9'), 'devtype': 24374, 'timeout': 10, 'name': '智能遥控', 'model': 'RM mini 3', 'manufacturer': 'Broadlink', 'cloud': True, 'count': 58180, 'iv': bytearray(b'V.\x17\x99m\t=(\xdd\xb3\xbaiZ.oX'), 'id': bytearray(b'\x00\x00\x00\x00'), 'type': 'RM4', 'lock': <unlocked _thread.lock object at 0x108e5f960>, 'aes': <cryptography.hazmat.primitives.ciphers.base.Cipher object at 0x109c469a0>, '_request_header': b'\x04\x00', '_code_sending_header': b'\xd0\x00'}
>>> print(devices[1].__dict__)
Traceback (most recent call last):
  File "<stdin>", line 1, in <module>
IndexError: list index out of range
>>> devices = broadlink.discover(timeout=30)
>>> print(devices[0].__dict__)
{'host': ('192.168.7.52', 80), 'mac': bytearray(b'$\xdf\xa7\xe0\x19\xf9'), 'devtype': 24374, 'timeout': 10, 'name': '智能遥控', 'model': 'RM mini 3', 'manufacturer': 'Broadlink', 'cloud': True, 'count': 62294, 'iv': bytearray(b'V.\x17\x99m\t=(\xdd\xb3\xbaiZ.oX'), 'id': bytearray(b'\x00\x00\x00\x00'), 'type': 'RM4', 'lock': <unlocked _thread.lock object at 0x109256300>, 'aes': <cryptography.hazmat.primitives.ciphers.base.Cipher object at 0x108f00dc0>, '_request_header': b'\x04\x00', '_code_sending_header': b'\xd0\x00'}
>>> print(devices[1].__dict__)
{'host': ('192.168.7.99', 80), 'mac': bytearray(b'$\xdf\xa76c\xac'), 'devtype': 24374, 'timeout': 10, 'name': '智能遥控', 'model': 'RM mini 3', 'manufacturer': 'Broadlink', 'cloud': False, 'count': 22055, 'iv': bytearray(b'V.\x17\x99m\t=(\xdd\xb3\xbaiZ.oX'), 'id': bytearray(b'\x00\x00\x00\x00'), 'type': 'RM4', 'lock': <unlocked _thread.lock object at 0x108f00e40>, 'aes': <cryptography.hazmat.primitives.ciphers.base.Cipher object at 0x108f00cd0>, '_request_header': b'\x04\x00', '_code_sending_header': b'\xd0\x00'}
>>> devices[1].auth()
True
>>> devices[1].enter_learning()
>>> devices[1].sweep_frequency()

Traceback (most recent call last):
  File "/Users/ngcchk/Downloads/_Github/python-broadlink/broadlink/__init__.py", line 368, in send_packet
    response = cs.recvfrom(2048)
socket.timeout: timed out

During handling of the above exception, another exception occurred:

Traceback (most recent call last):
  File "<stdin>", line 1, in <module>
  File "/Users/ngcchk/Downloads/_Github/python-broadlink/broadlink/__init__.py", line 650, in sweep_frequency
    response = self.send_packet(0x6a, packet)
  File "/Users/ngcchk/Downloads/_Github/python-broadlink/broadlink/__init__.py", line 373, in send_packet
    raise exception(0xfffd)
broadlink.exceptions.DeviceOfflineError: The device is offline
>>> 
>>> 
KeyboardInterrupt
>>> devices[1].found_frequency()
Traceback (most recent call last):
  File "<stdin>", line 1, in <module>
AttributeError: 'rm4' object has no attribute 'found_frequency'
>>> devices[1].check_frequency()
Traceback (most recent call last):
  File "/Users/ngcchk/Downloads/_Github/python-broadlink/broadlink/__init__.py", line 368, in send_packet
    response = cs.recvfrom(2048)
socket.timeout: timed out

During handling of the above exception, another exception occurred:

Traceback (most recent call last):
  File "<stdin>", line 1, in <module>
  File "/Users/ngcchk/Downloads/_Github/python-broadlink/broadlink/__init__.py", line 662, in check_frequency
    response = self.send_packet(0x6a, packet)
  File "/Users/ngcchk/Downloads/_Github/python-broadlink/broadlink/__init__.py", line 373, in send_packet
    raise exception(0xfffd)
broadlink.exceptions.DeviceOfflineError: The device is offline
>>> devices[1].enter_learning()
>>> ir_packet = devices[1].check_data()
>>> print(ir_packet)
b"&\x00\x98\x00\x00\x01#\x90\x16\x10\x14\x11\x144\x15\x11\x14\x10\x14\x11\x14\x11\x13\x11\x144\x154\x15\x11\x144\x154\x154\x154\x164\x15\x11\x13\x11\x14\x11\x144\x15\x11\x13\x11\x14\x11\x13\x11\x144\x164\x1c,\x16\x10\x144\x154\x164\x154\x15\x00\x05\x1f\x00\x01$H\x15\x00\x0c@\x00\x01(G\x16\x00\x0c@\x00\x01(G\x16\x00\x0cA\x00\x01&H\x15\x00\x0c@\x00\x01'H\x15\x00\x0c@\x00\x01(G\x16\x00\x0c?\x00\x01(H\x15\x00\x0c@\x00\x01(H\x15\x00\x0c?\x00\x01(H\x15\x00\x0c@\x00\x01(H\x15\x00\r\x05\x00\x00\x00\x00\x00\x00\x00\x00\x00\x00\x00\x00\x00\x00"
>>> devices[1].enter_learning()
>>> ir_packet = devices[1].check_data()
>>> print(ir_packet)
b'&\x00\xec\x00\x00\x01$\x93\x127\x128\x12\x13\x12\x14\x12\x14\x12\x13\x12\x14\x127\x12\x14\x127\x128\x12\x13\x12\x14\x12\x13\x12\x14\x12\x14\x12\x13\x12\x14\x127\x12\x13\x12\x14\x12\x14\x12\x13\x13\x13\x12\x13\x128\x12\x14\x12\x13\x12\x14\x127\x128\x12\x13\x12\x14\x12\x13\x12\x14\x12\x14\x12\x13\x12\x14\x12\x13\x12\x14\x12\x14\x12\x13\x12\x14\x12\x13\x12\x14\x12\x13\x13\x13\x12\x14\x12\x00\x01\x04\x12\x13\x13\x13\x12\x14\x12\x13\x12\x14\x12\x14\x12\x13\x12\x14\x12\x13\x12\x14\x12\x13\x12\x14\x12\x14\x12\x13\x12\x14\x12\x13\x12\x14\x12\x13\x13\x13\x12\x14\x12\x13\x12\x14\x12\x13\x12\x14\x12\x14\x12\x13\x12\x14\x12\x13\x12\x14\x12\x13\x13\x13\x12\x14\x12\x13\x12\x14\x12\x13\x13\x13\x12\x14\x12\x13\x12\x14\x12\x13\x12\x14\x12\x14\x12\x13\x12\x14\x12\x13\x12\x14\x12\x13\x13\x13\x12\x14\x12\x13\x13\x13\x12\x13\x13\x13\x12\x13\x12\x14\x12\x14\x12\x13\x137\x127\x12\x14\x12\x13\x137\x127\x13\x13\x12\x00\r\x05\x00\x00\x00\x00\x00\x00\x00\x00\x00\x00'
>>> devices[1].enter_learning()
>>> print(devices[1].check_data())
b'&\x00\xec\x00\x00\x01"\x92\x127\x137\x12\x13\x13\x13\x12\x14\x12\x13\x12\x14\x127\x12\x14\x127\x128\x12\x13\x12\x14\x12\x13\x13\x13\x12\x14\x127\x12\x14\x12\x13\x12\x14\x12\x13\x13\x13\x12\x14\x12\x13\x12\x13\x137\x12\x14\x12\x13\x13\x13\x127\x137\x12\x13\x13\x13\x12\x13\x13\x13\x12\x14\x12\x13\x13\x13\x12\x14\x12\x13\x13\x13\x12\x13\x13\x13\x12\x14\x12\x13\x12\x14\x12\x13\x13\x13\x12\x00\x01\x04\x13\x13\x12\x13\x12\x14\x12\x14\x12\x13\x12\x14\x12\x13\x13\x13\x12\x14\x12\x13\x12\x14\x12\x13\x13\x13\x12\x14\x12\x13\x12\x14\x12\x13\x13\x13\x12\x13\x13\x13\x12\x14\x12\x13\x13\x13\x12\x13\x13\x13\x12\x14\x12\x13\x13\x13\x12\x13\x13\x13\x12\x14\x12\x13\x13\x13\x12\x13\x13\x13\x12\x14\x12\x13\x13\x13\x12\x13\x13\x13\x12\x14\x12\x13\x12\x14\x12\x13\x13\x13\x12\x14\x12\x13\x12\x14\x12\x13\x13\x13\x12\x14\x12\x13\x12\x14\x12\x13\x12\x14\x12\x14\x127\x127\x13\x13\x12\x14\x12\x13\x137\x127\x12\x14\x12\x00\r\x05\x00\x00\x00\x00\x00\x00\x00\x00\x00\x00'
>>> devices[1].enter_learning()
>>> print(devices[1].check_data())
b'&\x00\xec\x00\x00\x01!\x94\x127\x128\x12\x13\x12\x14\x12\x14\x11\x14\x12\x14\x127\x12\x14\x118\x128\x12\x13\x11\x15\x12\x13\x13\x13\x11\x15\x12\x13\x128\x12\x13\x12\x14\x12\x13\x12\x14\x12\x14\x12\x13\x12\x14\x118\x11\x15\x12\x13\x12\x14\x127\x128\x12\x13\x12\x14\x11\x14\x12\x14\x12\x14\x11\x14\x12\x14\x11\x15\x11\x14\x12\x14\x11\x14\x12\x14\x12\x14\x12\x13\x11\x15\x11\x14\x12\x14\x12\x00\x01\x04\x12\x14\x11\x14\x12\x14\x12\x14\x12\x13\x12\x14\x12\x13\x11\x15\x12\x14\x12\x13\x12\x14\x11\x14\x12\x14\x12\x14\x11\x14\x12\x14\x12\x13\x12\x14\x12\x14\x11\x14\x12\x14\x11\x14\x12\x14\x11\x14\x12\x14\x11\x15\x12\x13\x12\x14\x11\x14\x12\x14\x11\x15\x12\x13\x12\x13\x12\x14\x12\x14\x12\x14\x12\x13\x12\x14\x11\x14\x12\x14\x12\x14\x11\x14\x12\x14\x12\x13\x11\x15\x12\x13\x12\x14\x12\x14\x12\x13\x11\x15\x12\x13\x12\x14\x12\x14\x11\x14\x12\x14\x12\x13\x12\x14\x11\x15\x12\x13\x12\x14\x12\x13\x128\x127\x12\x14\x12\x00\r\x05\x00\x00\x00\x00\x00\x00\x00\x00\x00\x00'
>>> wind above
  File "<stdin>", line 1
    wind above
         ^
SyntaxError: invalid syntax
>>> devices[1].enter_learning()
>>> print(devices[1].check_data())
b'&\x00\xec\x00\x00\x01!\x93\x127\x137\x12\x14\x12\x13\x12\x14\x12\x13\x12\x14\x127\x12\x14\x127\x128\x12\x13\x13\x13\x12\x14\x11\x14\x12\x14\x12\x13\x128\x12\x13\x13\x13\x12\x14\x12\x13\x12\x14\x12\x13\x12\x14\x127\x13\x13\x12\x14\x127\x128\x127\x12\x14\x11\x14\x12\x14\x12\x13\x13\x13\x12\x14\x12\x13\x12\x14\x12\x13\x12\x14\x12\x14\x12\x13\x12\x14\x12\x13\x12\x14\x12\x14\x12\x13\x12\x00\x01\x05\x12\x13\x12\x14\x11\x14\x12\x14\x12\x14\x12\x13\x12\x14\x12\x13\x12\x14\x12\x14\x12\x13\x12\x14\x12\x13\x12\x14\x12\x14\x12\x13\x12\x14\x12\x13\x12\x14\x12\x14\x12\x13\x12\x14\x12\x13\x12\x14\x12\x14\x12\x13\x12\x14\x12\x13\x12\x14\x12\x14\x12\x13\x12\x14\x11\x14\x12\x14\x12\x14\x11\x14\x12\x14\x12\x13\x12\x14\x12\x14\x12\x13\x12\x14\x11\x14\x12\x14\x12\x14\x12\x13\x12\x14\x12\x13\x12\x14\x12\x14\x12\x13\x12\x14\x12\x13\x12\x14\x12\x14\x12\x13\x11\x15\x12\x13\x12\x14\x12\x14\x127\x127\x137\x12\x14\x12\x00\r\x05\x00\x00\x00\x00\x00\x00\x00\x00\x00\x00'
>>> temp up to 25
  File "<stdin>", line 1
    temp up to 25
         ^
SyntaxError: invalid syntax
>>> devices[1].enter_learning()
>>> print(devices[1].check_data())
b'&\x00\xec\x00\x00\x01#\x94\x137\x127\x13\x13\x12\x14\x12\x13\x13\x13\x12\x13\x137\x12\x13\x137\x127\x13\x13\x12\x13\x13\x13\x12\x14\x12\x13\x13\x13\x127\x13\x13\x12\x13\x12\x14\x12\x14\x12\x13\x13\x13\x12\x13\x128\x12\x13\x13\x13\x12\x14\x127\x128\x12\x13\x13\x13\x12\x13\x12\x14\x12\x14\x12\x13\x13\x13\x12\x13\x13\x13\x12\x14\x12\x13\x13\x13\x12\x13\x13\x13\x12\x14\x12\x13\x13\x13\x12\x00\x01\x04\x13\x13\x12\x13\x13\x13\x12\x14\x12\x13\x13\x13\x12\x14\x12\x13\x12\x14\x12\x13\x13\x13\x12\x14\x12\x13\x13\x13\x12\x13\x13\x13\x12\x14\x12\x13\x13\x13\x12\x13\x13\x13\x12\x14\x12\x13\x12\x14\x12\x13\x13\x13\x12\x14\x12\x13\x12\x14\x12\x14\x12\x13\x13\x13\x12\x13\x13\x13\x12\x14\x12\x13\x13\x13\x12\x13\x13\x13\x12\x14\x12\x13\x13\x13\x12\x14\x12\x13\x13\x13\x12\x13\x13\x13\x12\x14\x12\x13\x13\x13\x12\x13\x13\x13\x13\x13\x12\x13\x12\x14\x12\x14\x12\x13\x13\x13\x12\x13\x13\x13\x13\x13\x127\x137\x12\x13\x13\x00\r\x05\x00\x00\x00\x00\x00\x00\x00\x00\x00\x00'
>>> temp up to 24
  File "<stdin>", line 1
    temp up to 24
         ^
SyntaxError: invalid syntax
>>> devices[1].enter_learning()
>>> print(devices[1].check_data())
b'&\x00\xec\x00\x00\x01"\x93\x127\x137\x12\x13\x13\x13\x12\x13\x13\x13\x12\x14\x127\x12\x14\x127\x127\x13\x13\x13\x13\x12\x13\x13\x13\x12\x14\x127\x127\x13\x13\x12\x14\x12\x13\x13\x13\x12\x13\x13\x13\x127\x137\x12\x14\x12\x13\x13\x12\x137\x137\x12\x13\x13\x13\x12\x13\x13\x13\x12\x14\x12\x13\x13\x13\x12\x13\x13\x13\x12\x14\x12\x13\x13\x13\x12\x13\x13\x13\x13\x13\x12\x13\x13\x13\x12\x00\x01\x04\x13\x13\x12\x14\x12\x13\x12\x14\x12\x13\x13\x13\x12\x14\x12\x13\x12\x14\x12\x13\x13\x13\x12\x14\x12\x13\x12\x14\x12\x13\x13\x13\x12\x14\x12\x13\x12\x14\x12\x13\x13\x13\x12\x13\x13\x13\x13\x13\x12\x13\x13\x13\x12\x13\x13\x13\x13\x13\x12\x13\x13\x13\x12\x13\x13\x13\x13\x13\x12\x13\x13\x13\x12\x14\x12\x13\x13\x13\x12\x14\x12\x13\x12\x14\x12\x13\x13\x13\x12\x14\x12\x13\x13\x13\x12\x13\x13\x13\x12\x14\x12\x13\x13\x13\x12\x13\x13\x13\x12\x14\x12\x13\x13\x13\x12\x13\x13\x13\x12\x14\x12\x13\x137\x127\x13\x13\x12\x00\r\x05\x00\x00\x00\x00\x00\x00\x00\x00\x00\x00'
>>> mode to wind
  File "<stdin>", line 1
    mode to wind
         ^
SyntaxError: invalid syntax
>>> devices[1].enter_learning()
>>> print(devices[1].check_data())
b'&\x00\xec\x00\x00\x01 \x94\x137\x127\x13\x13\x12\x13\x13\x13\x12\x14\x12\x13\x137\x12\x13\x137\x127\x13\x13\x12\x13\x13\x13\x12\x14\x12\x13\x137\x127\x13\x13\x12\x13\x13\x13\x12\x14\x12\x13\x13\x13\x12\x13\x13\x13\x12\x14\x12\x13\x13\x13\x127\x137\x12\x13\x13\x13\x12\x13\x13\x13\x13\x13\x12\x13\x13\x13\x12\x14\x12\x13\x13\x13\x12\x14\x12\x13\x12\x14\x12\x13\x13\x13\x12\x14\x12\x13\x12\x00\x01\x03\x14\x13\x13\x13\x12\x13\x13\x13\x12\x14\x12\x13\x13\x13\x12\x14\x12\x13\x12\x14\x12\x13\x13\x13\x12\x14\x12\x13\x12\x14\x12\x13\x13\x13\x12\x14\x12\x13\x13\x13\x12\x13\x13\x13\x12\x13\x13\x13\x13\x13\x12\x13\x13\x13\x12\x13\x13\x13\x13\x13\x12\x14\x12\x13\x12\x13\x13\x13\x13\x13\x12\x14\x12\x13\x12\x14\x12\x13\x13\x13\x12\x14\x12\x13\x13\x13\x12\x13\x13\x13\x12\x14\x12\x13\x13\x13\x12\x14\x12\x13\x12\x14\x12\x13\x13\x13\x12\x13\x13\x13\x12\x14\x127\x136\x13\x13\x13\x13\x12\x14\x127\x128\x12\x13\x12\x00\r\x05\x00\x00\x00\x00\x00\x00\x00\x00\x00\x00'
>>> mode to heat
  File "<stdin>", line 1
    mode to heat
         ^
SyntaxError: invalid syntax
>>> devices[1].enter_learning()
>>> devices[1].enter_learning()
>>> print(devices[1].check_data())
Traceback (most recent call last):
  File "<stdin>", line 1, in <module>
  File "/Users/ngcchk/Downloads/_Github/python-broadlink/broadlink/__init__.py", line 630, in check_data
    check_error(response[0x22:0x24])
  File "/Users/ngcchk/Downloads/_Github/python-broadlink/broadlink/exceptions.py", line 97, in check_error
    raise exception(error_code)
broadlink.exceptions.StorageError: The device storage is full
>>> devices[1].enter_learning()
>>> print(devices[1].check_data())
b'&\x00\xec\x00\x00\x01 \x94\x137\x136\x13\x13\x13\x13\x12\x13\x13\x13\x12\x14\x127\x12\x14\x127\x137\x12\x13\x13\x13\x12\x13\x13\x13\x12\x14\x127\x137\x12\x13\x13\x13\x12\x13\x13\x13\x12\x14\x12\x13\x137\x127\x13\x13\x12\x13\x13\x13\x127\x137\x12\x14\x12\x13\x12\x14\x12\x13\x13\x13\x13\x13\x12\x13\x13\x13\x12\x14\x12\x13\x13\x13\x12\x13\x13\x13\x12\x14\x12\x13\x13\x13\x12\x13\x13\x00\x01\x04\x12\x13\x13\x13\x13\x13\x12\x13\x13\x13\x14\x12\x12\x13\x13\x13\x12\x13\x13\x13\x12\x14\x12\x13\x13\x13\x12\x14\x12\x13\x13\x13\x12\x13\x13\x13\x12\x14\x12\x13\x13\x13\x12\x13\x13\x13\x12\x14\x12\x13\x14\x12\x12\x13\x13\x13\x13\x13\x12\x13\x13\x13\x12\x13\x13\x13\x13\x13\x12\x13\x13\x13\x12\x14\x12\x13\x13\x13\x12\x14\x12\x13\x13\x13\x12\x13\x13\x13\x12\x14\x12\x13\x13\x13\x12\x14\x12\x13\x13\x13\x12\x13\x13\x13\x12\x13\x13\x13\x13\x13\x12\x13\x13\x13\x12\x13\x13\x13\x13\x13\x12\x14\x127\x128\x12\x13\x13\x00\r\x05\x00\x00\x00\x00\x00\x00\x00\x00\x00\x00'
>>> mode to dry
  File "<stdin>", line 1
    mode to dry
         ^
SyntaxError: invalid syntax
>>> devices[1].enter_learning()
>>> print(devices[1].check_data())
b'&\x00\xec\x00\x00\x01!\x94\x127\x137\x12\x14\x12\x13\x13\x13\x12\x14\x12\x13\x128\x12\x13\x128\x127\x12\x14\x12\x13\x13\x13\x12\x14\x12\x13\x128\x127\x12\x14\x12\x14\x12\x13\x12\x14\x12\x13\x13\x13\x127\x13\x13\x12\x14\x12\x13\x137\x127\x137\x12\x14\x12\x13\x12\x14\x12\x13\x12\x14\x12\x14\x12\x13\x12\x14\x12\x13\x12\x14\x12\x14\x12\x13\x12\x14\x12\x14\x12\x13\x12\x14\x12\x13\x12\x00\x01\x05\x12\x13\x12\x14\x12\x14\x12\x13\x13\x13\x12\x14\x12\x13\x12\x14\x12\x14\x12\x13\x12\x14\x12\x13\x13\x13\x12\x14\x12\x13\x12\x14\x12\x14\x12\x13\x12\x14\x12\x13\x12\x14\x12\x13\x12\x14\x12\x14\x12\x14\x12\x13\x12\x13\x13\x13\x12\x14\x12\x14\x12\x13\x12\x14\x12\x14\x12\x13\x12\x14\x12\x13\x12\x14\x12\x14\x12\x13\x12\x14\x12\x13\x13\x13\x12\x14\x12\x13\x12\x14\x12\x14\x12\x13\x12\x14\x12\x13\x13\x13\x12\x14\x12\x13\x12\x14\x12\x14\x12\x13\x12\x14\x12\x13\x137\x12\x14\x12\x13\x128\x127\x128\x12\x13\x13\x00\r\x05\x00\x00\x00\x00\x00\x00\x00\x00\x00\x00'
>>> mode to auto
  File "<stdin>", line 1
    mode to auto
         ^
SyntaxError: invalid syntax
>>> devices[1].enter_learning()
>>> print(devices[1].check_data())
b'&\x00\xec\x00\x00\x01$\x93\x127\x128\x12\x13\x12\x14\x12\x14\x12\x13\x12\x14\x127\x12\x14\x127\x128\x12\x14\x12\x13\x12\x14\x12\x13\x12\x14\x127\x128\x12\x14\x12\x13\x12\x14\x12\x13\x12\x14\x12\x14\x12\x13\x128\x12\x13\x12\x14\x127\x128\x127\x12\x14\x12\x13\x12\x14\x12\x14\x12\x13\x12\x14\x12\x14\x12\x13\x12\x14\x12\x14\x12\x13\x12\x14\x12\x13\x12\x14\x12\x14\x12\x13\x12\x14\x12\x00\x01\x04\x13\x13\x12\x14\x12\x13\x12\x14\x12\x14\x12\x13\x12\x14\x12\x13\x12\x14\x12\x14\x12\x13\x12\x14\x12\x14\x12\x13\x12\x14\x12\x13\x12\x14\x12\x14\x12\x13\x12\x14\x12\x13\x13\x13\x12\x14\x12\x13\x12\x14\x12\x14\x12\x13\x12\x14\x12\x13\x12\x14\x12\x14\x12\x13\x12\x14\x12\x13\x13\x13\x12\x14\x12\x13\x12\x14\x12\x14\x12\x13\x12\x14\x12\x13\x13\x13\x12\x14\x12\x13\x12\x14\x12\x14\x12\x13\x12\x14\x12\x13\x13\x13\x12\x14\x12\x13\x12\x14\x12\x14\x12\x13\x128\x12\x13\x12\x14\x12\x14\x127\x127\x128\x12\x14\x12\x00\r\x05\x00\x00\x00\x00\x00\x00\x00\x00\x00\x00'
>>> mode to cool
  File "<stdin>", line 1
    mode to cool
         ^
SyntaxError: invalid syntax
>>> devices[1].enter_learning()
>>> print(devices[1].check_data())
b'&\x00\xec\x00\x00\x01 \x94\x137\x127\x13\x13\x12\x13\x13\x13\x13\x13\x12\x13\x137\x12\x13\x137\x127\x13\x13\x12\x14\x12\x13\x13\x13\x12\x13\x137\x127\x13\x13\x12\x14\x12\x13\x13\x13\x12\x13\x13\x13\x127\x137\x12\x14\x12\x13\x137\x127\x137\x12\x13\x13\x13\x12\x14\x12\x13\x13\x13\x12\x14\x12\x13\x12\x14\x12\x13\x13\x13\x12\x14\x12\x13\x12\x14\x12\x13\x13\x13\x12\x14\x12\x13\x12\x00\x01\x05\x12\x13\x13\x13\x12\x14\x12\x13\x13\x13\x12\x13\x13\x13\x13\x13\x12\x13\x13\x13\x12\x13\x13\x13\x13\x13\x12\x13\x13\x13\x12\x13\x13\x13\x13\x13\x12\x14\x12\x13\x13\x13\x12\x13\x13\x13\x12\x14\x12\x13\x13\x13\x12\x14\x12\x13\x13\x13\x12\x13\x13\x13\x12\x14\x12\x13\x13\x13\x12\x13\x13\x13\x12\x13\x13\x13\x13\x13\x12\x14\x12\x13\x13\x13\x12\x13\x13\x13\x12\x14\x12\x13\x13\x13\x12\x13\x13\x13\x12\x14\x12\x13\x13\x13\x12\x14\x12\x13\x13\x13\x12\x13\x13\x13\x12\x14\x12\x13\x13\x13\x127\x137\x127\x13\x13\x13\x00\r\x05\x00\x00\x00\x00\x00\x00\x00\x00\x00\x00'
>>> mode to dry
  File "<stdin>", line 1
    mode to dry
         ^
SyntaxError: invalid syntax
>>> devices[1].enter_learning()
>>> devices[1].enter_learning()
>>> print(devices[1].check_data())
b'&\x00\xec\x00\x00\x01"\x93\x127\x137\x12\x14\x12\x13\x12\x14\x12\x13\x12\x14\x127\x13\x13\x127\x137\x12\x14\x12\x13\x12\x14\x12\x14\x12\x13\x128\x127\x12\x14\x12\x13\x13\x13\x12\x14\x12\x13\x12\x14\x127\x137\x12\x14\x12\x13\x128\x127\x128\x12\x13\x12\x14\x12\x14\x12\x13\x12\x14\x12\x13\x13\x13\x12\x14\x12\x13\x12\x14\x12\x14\x12\x13\x12\x14\x12\x13\x13\x13\x12\x14\x12\x13\x12\x00\x01\x05\x12\x14\x12\x13\x12\x14\x12\x13\x13\x13\x12\x14\x12\x13\x12\x14\x12\x14\x12\x13\x12\x14\x12\x13\x13\x13\x12\x14\x12\x13\x13\x13\x12\x14\x12\x13\x12\x14\x12\x13\x13\x13\x12\x14\x127\x12\x14\x12\x13\x13\x13\x12\x14\x12\x13\x13\x13\x12\x14\x12\x13\x12\x14\x12\x13\x13\x13\x12\x14\x12\x13\x12\x14\x12\x14\x12\x13\x13\x13\x12\x13\x12\x14\x12\x14\x12\x13\x13\x13\x12\x14\x12\x13\x13\x13\x12\x14\x12\x13\x12\x14\x12\x13\x13\x13\x12\x14\x12\x13\x13\x13\x12\x14\x12\x13\x12\x14\x12\x13\x137\x127\x13\x13\x12\x14\x12\x00\r\x05\x00\x00\x00\x00\x00\x00\x00\x00\x00\x00'
>>> swing m
  File "<stdin>", line 1
    swing m
          ^
SyntaxError: invalid syntax
>>> devices[1].enter_learning()
>>> print(devices[1].check_data())
b'&\x00\xec\x00\x00\x01$\x94\x136\x137\x13\x13\x12\x13\x13\x13\x12\x14\x12\x13\x137\x12\x13\x137\x127\x13\x13\x12\x14\x12\x13\x13\x13\x12\x14\x127\x127\x13\x13\x13\x13\x12\x13\x13\x13\x12\x14\x12\x13\x137\x127\x13\x13\x12\x14\x127\x127\x137\x12\x14\x12\x13\x13\x13\x12\x14\x12\x13\x13\x13\x12\x13\x13\x13\x12\x14\x12\x13\x13\x13\x12\x13\x13\x13\x13\x13\x12\x13\x13\x13\x12\x13\x13\x00\x01\x04\x13\x13\x12\x14\x12\x13\x13\x13\x12\x13\x13\x13\x13\x13\x12\x13\x13\x13\x12\x14\x12\x13\x13\x13\x12\x13\x13\x13\x13\x13\x12\x13\x13\x13\x12\x14\x12\x13\x13\x13\x12\x13\x13\x13\x137\x12\x13\x13\x13\x12\x14\x12\x13\x13\x13\x12\x13\x13\x13\x12\x13\x13\x13\x13\x13\x12\x14\x12\x13\x13\x13\x12\x13\x13\x13\x12\x14\x12\x13\x13\x13\x12\x14\x12\x13\x13\x13\x12\x13\x13\x13\x12\x14\x12\x13\x13\x13\x12\x14\x12\x13\x13\x13\x12\x14\x12\x13\x13\x13\x12\x13\x13\x13\x12\x14\x12\x13\x13\x13\x127\x137\x12\x14\x12\x13\x13\x00\r\x05\x00\x00\x00\x00\x00\x00\x00\x00\x00\x00'
>>> swing auto
  File "<stdin>", line 1
    swing auto
          ^
SyntaxError: invalid syntax
>>> devices[1].enter_learning()
>>> print(devices[1].check_data())
b'&\x00\xec\x00\x00\x01!\x94\x127\x137\x12\x14\x12\x13\x12\x14\x12\x13\x13\x13\x128\x12\x13\x128\x127\x12\x14\x12\x14\x12\x13\x12\x14\x12\x13\x128\x12\x13\x13\x13\x12\x13\x13\x13\x13\x13\x13\x13\x12\x13\x12\x14\x127\x13\x13\x12\x14\x127\x128\x12\x13\x12\x14\x12\x14\x12\x13\x12\x14\x12\x13\x12\x14\x12\x14\x12\x13\x12\x14\x12\x13\x13\x13\x12\x14\x11\x14\x12\x14\x12\x14\x12\x13\x12\x14\x12\x00\x01\x04\x13\x13\x12\x14\x11\x14\x12\x14\x12\x14\x12\x13\x12\x14\x12\x14\x12\x13\x12\x14\x12\x13\x12\x14\x12\x14\x11\x14\x12\x14\x12\x14\x12\x13\x12\x14\x11\x14\x12\x14\x12\x14\x11\x14\x12\x14\x12\x14\x12\x13\x11\x15\x12\x13\x12\x14\x12\x14\x11\x14\x12\x14\x12\x14\x12\x13\x12\x14\x12\x13\x13\x13\x12\x14\x12\x13\x12\x14\x11\x15\x12\x13\x12\x14\x12\x14\x12\x13\x12\x14\x12\x13\x12\x14\x12\x14\x12\x13\x12\x14\x12\x14\x12\x13\x12\x14\x12\x13\x12\x14\x12\x14\x127\x128\x12\x13\x13\x13\x128\x127\x12\x14\x12\x13\x13\x00\r\x05\x00\x00\x00\x00\x00\x00\x00\x00\x00\x00'
>>> fast cold
  File "<stdin>", line 1
    fast cold
         ^
SyntaxError: invalid syntax
>>> devices[1].enter_learning()
>>> print(devices[1].check_data())
b'&\x00\xec\x00\x00\x01"\x93\x127\x137\x12\x13\x13\x13\x12\x14\x12\x13\x13\x13\x127\x13\x13\x128\x127\x13\x13\x12\x13\x13\x13\x12\x14\x12\x13\x137\x12\x13\x13\x13\x13\x13\x12\x13\x13\x13\x12\x14\x12\x13\x13\x13\x127\x13\x13\x13\x13\x12\x13\x13\x13\x127\x13\x13\x13\x13\x12\x13\x13\x13\x12\x14\x12\x13\x13\x13\x12\x14\x12\x13\x13\x13\x12\x14\x12\x13\x13\x13\x12\x13\x13\x13\x12\x14\x12\x13\x13\x00\x01\x04\x12\x14\x12\x13\x13\x13\x12\x14\x12\x13\x13\x13\x12\x13\x13\x13\x12\x14\x12\x13\x13\x13\x12\x14\x12\x13\x12\x14\x12\x14\x12\x13\x13\x13\x12\x13\x13\x13\x12\x14\x12\x13\x13\x13\x12\x14\x12\x13\x13\x13\x12\x14\x12\x13\x13\x13\x12\x13\x13\x13\x13\x13\x12\x13\x13\x13\x12\x14\x12\x13\x13\x13\x12\x14\x12\x13\x13\x13\x12\x14\x12\x13\x13\x13\x12\x13\x13\x13\x12\x14\x12\x13\x13\x13\x12\x14\x12\x13\x12\x14\x12\x14\x12\x13\x13\x13\x12\x13\x13\x13\x13\x13\x127\x137\x12\x13\x13\x13\x12\x14\x12\x13\x137\x12\x14\x12\x00\r\x05\x00\x00\x00\x00\x00\x00\x00\x00\x00\x00'
>>> temp to 22
  File "<stdin>", line 1
    temp to 22
         ^
SyntaxError: invalid syntax
>>> devices[1].enter_learning()
>>> print(devices[1].check_data())
b'&\x00\xec\x00\x00\x01!\x94\x127\x137\x12\x14\x12\x13\x13\x13\x12\x14\x12\x13\x137\x12\x13\x137\x127\x13\x13\x12\x14\x12\x13\x13\x13\x12\x14\x127\x12\x14\x12\x13\x13\x13\x12\x14\x12\x13\x13\x13\x12\x13\x13\x13\x128\x12\x13\x13\x13\x127\x13\x13\x137\x12\x13\x13\x13\x12\x13\x13\x13\x13\x13\x12\x13\x13\x13\x12\x14\x12\x13\x13\x13\x12\x14\x12\x13\x13\x13\x12\x13\x13\x13\x13\x13\x12\x13\x13\x00\x01\x04\x12\x14\x12\x13\x12\x14\x12\x14\x12\x13\x13\x13\x12\x13\x13\x13\x13\x13\x12\x13\x13\x13\x12\x14\x12\x13\x13\x13\x12\x14\x12\x13\x13\x13\x12\x13\x13\x13\x13\x13\x12\x13\x13\x13\x12\x13\x13\x13\x13\x13\x12\x14\x12\x13\x13\x13\x12\x13\x13\x13\x13\x13\x12\x13\x13\x13\x12\x14\x12\x13\x13\x13\x12\x14\x12\x13\x13\x13\x12\x13\x13\x13\x13\x13\x12\x13\x13\x13\x12\x14\x12\x13\x13\x13\x12\x14\x12\x13\x13\x13\x12\x13\x13\x13\x12\x14\x12\x13\x12\x14\x12\x14\x127\x136\x13\x13\x13\x13\x127\x13\x13\x137\x12\x13\x13\x00\r\x05\x00\x00\x00\x00\x00\x00\x00\x00\x00\x00'
>>> temp to 23
  File "<stdin>", line 1
    temp to 23
         ^
SyntaxError: invalid syntax
>>> devices[1].enter_learning()
>>> temp to 24
  File "<stdin>", line 1
    temp to 24
         ^
SyntaxError: invalid syntax
>>> devices[1].enter_learning()
>>> print(devices[1].check_data())
b'&\x00\xec\x00\x00\x01!\x95\x127\x137\x12\x13\x13\x13\x12\x14\x12\x13\x13\x13\x127\x13\x13\x137\x127\x13\x13\x12\x13\x13\x13\x13\x13\x12\x13\x137\x12\x13\x13\x13\x13\x12\x13\x13\x13\x13\x12\x14\x12\x13\x13\x13\x127\x13\x13\x12\x14\x127\x13\x13\x127\x13\x13\x12\x14\x12\x13\x12\x14\x12\x14\x12\x13\x13\x13\x12\x13\x13\x13\x12\x14\x12\x13\x13\x13\x12\x14\x12\x13\x13\x13\x13\x13\x12\x13\x13\x00\x01\x04\x12\x13\x13\x13\x12\x14\x12\x13\x13\x13\x12\x14\x12\x13\x13\x13\x12\x14\x12\x13\x13\x13\x12\x13\x13\x13\x12\x14\x12\x13\x13\x13\x12\x14\x12\x13\x13\x13\x12\x14\x12\x13\x13\x13\x12\x13\x13\x13\x12\x14\x12\x13\x13\x13\x12\x13\x13\x13\x13\x13\x12\x14\x12\x13\x13\x13\x12\x13\x13\x13\x12\x14\x12\x13\x13\x13\x12\x14\x12\x13\x13\x13\x12\x14\x12\x13\x13\x13\x12\x13\x13\x13\x13\x13\x12\x13\x13\x13\x12\x14\x12\x13\x13\x13\x12\x14\x12\x13\x12\x14\x12\x14\x127\x127\x13\x13\x13\x13\x127\x13\x13\x128\x12\x13\x13\x00\r\x05\x00\x00\x00\x00\x00\x00\x00\x00\x00\x00'
>>> temp back to 23
  File "<stdin>", line 1
    temp back to 23
         ^
SyntaxError: invalid syntax
>>> devices[1].enter_learning()
>>> print(devices[1].check_data())
b'&\x00\xec\x00\x00\x01!\x95\x127\x137\x12\x13\x13\x13\x12\x14\x12\x13\x13\x13\x127\x13\x13\x127\x137\x12\x14\x12\x13\x13\x13\x12\x14\x12\x13\x137\x12\x13\x13\x13\x12\x13\x13\x13\x13\x13\x12\x13\x13\x13\x12\x13\x137\x13\x13\x12\x14\x12\x13\x13\x13\x127\x13\x13\x12\x14\x12\x13\x13\x13\x12\x13\x13\x13\x13\x13\x12\x13\x13\x13\x12\x14\x12\x13\x13\x13\x12\x14\x12\x13\x12\x14\x12\x13\x13\x13\x12\x00\x01\x05\x12\x13\x13\x13\x12\x14\x12\x13\x13\x13\x12\x14\x12\x13\x13\x13\x12\x14\x12\x13\x13\x13\x12\x13\x13\x13\x12\x14\x12\x13\x13\x13\x12\x14\x12\x13\x12\x14\x12\x13\x13\x13\x12\x14\x12\x13\x13\x13\x12\x14\x12\x13\x13\x13\x12\x14\x12\x13\x13\x13\x12\x13\x13\x13\x12\x14\x12\x13\x13\x13\x12\x14\x12\x13\x13\x13\x12\x13\x13\x13\x13\x13\x12\x13\x13\x13\x12\x13\x13\x13\x13\x13\x12\x14\x12\x13\x13\x13\x12\x14\x12\x13\x13\x13\x12\x13\x13\x13\x12\x14\x12\x13\x137\x127\x13\x13\x12\x14\x12\x13\x13\x13\x127\x13\x13\x13\x00\r\x05\x00\x00\x00\x00\x00\x00\x00\x00\x00\x00'
>>> temp back to 22
  File "<stdin>", line 1
    temp back to 22
         ^
SyntaxError: invalid syntax
>>> devices[1].enter_learning()
>>> temp back to 21
  File "<stdin>", line 1
    temp back to 21
         ^
SyntaxError: invalid syntax
>>> devices[1].enter_learning()
>>> print(devices[1].check_data())
b'&\x00\xec\x00\x00\x01#\x91\x137\x128\x12\x13\x13\x13\x12\x14\x12\x13\x13\x13\x127\x13\x13\x127\x137\x12\x14\x12\x13\x13\x13\x12\x14\x12\x13\x137\x12\x13\x13\x13\x12\x13\x13\x13\x13\x13\x12\x14\x12\x13\x13\x13\x127\x13\x13\x12\x14\x12\x13\x13\x13\x127\x13\x13\x12\x14\x12\x13\x13\x13\x12\x14\x12\x13\x13\x13\x12\x14\x12\x13\x13\x13\x12\x13\x13\x13\x12\x14\x12\x13\x12\x14\x12\x14\x12\x13\x13\x00\x01\x04\x12\x14\x12\x13\x13\x13\x12\x14\x12\x13\x13\x13\x12\x14\x12\x13\x13\x13\x12\x13\x13\x13\x12\x14\x12\x13\x12\x14\x12\x14\x12\x13\x13\x13\x12\x13\x13\x13\x13\x13\x12\x14\x12\x13\x13\x13\x12\x13\x13\x13\x12\x14\x12\x13\x13\x13\x13\x13\x12\x13\x13\x13\x12\x14\x12\x13\x13\x13\x12\x14\x12\x13\x12\x14\x12\x13\x13\x13\x12\x14\x12\x13\x13\x13\x12\x14\x12\x13\x12\x14\x12\x14\x12\x13\x13\x13\x12\x13\x13\x13\x13\x13\x12\x13\x13\x13\x12\x14\x12\x13\x13\x13\x127\x137\x12\x14\x12\x13\x13\x13\x12\x14\x127\x13\x13\x12\x00\r\x05\x00\x00\x00\x00\x00\x00\x00\x00\x00\x00'
>>> temp up to 22
  File "<stdin>", line 1
    temp up to 22
         ^
SyntaxError: invalid syntax
>>> devices[1].enter_learning()
>>> print(devices[1].check_data())
b'&\x00\xec\x00\x00\x01"\x93\x127\x128\x12\x14\x11\x14\x12\x14\x12\x13\x12\x14\x127\x12\x14\x127\x137\x12\x14\x12\x13\x12\x14\x12\x14\x12\x13\x128\x12\x13\x128\x12\x14\x12\x13\x12\x14\x12\x14\x12\x13\x12\x14\x127\x12\x14\x12\x14\x12\x13\x12\x14\x127\x12\x14\x12\x14\x12\x13\x12\x14\x12\x14\x12\x13\x12\x14\x12\x14\x12\x13\x12\x14\x12\x13\x13\x13\x12\x14\x12\x13\x12\x14\x12\x14\x12\x13\x12\x00\x01\x05\x12\x14\x12\x13\x12\x14\x12\x14\x12\x13\x12\x14\x12\x14\x12\x13\x12\x14\x12\x14\x12\x13\x12\x14\x12\x14\x12\x13\x12\x14\x12\x13\x13\x13\x12\x14\x12\x13\x12\x14\x12\x14\x12\x13\x12\x14\x12\x14\x12\x13\x12\x14\x12\x14\x12\x13\x12\x14\x12\x14\x12\x13\x12\x14\x12\x13\x12\x14\x12\x14\x12\x13\x13\x16\x0f\x14\x12\x13\x12\x14\x12\x14\x12\x13\x12\x14\x12\x14\x12\x13\x12\x14\x12\x14\x12\x13\x12\x14\x12\x14\x12\x13\x12\x14\x12\x13\x13\x13\x12\x14\x12\x13\x128\x127\x128\x12\x14\x12\x13\x12\x14\x128\x12\x13\x12\x00\r\x05\x00\x00\x00\x00\x00\x00\x00\x00\x00\x00'
>>> power off
  File "<stdin>", line 1
    power off
          ^
SyntaxError: invalid syntax
>>> 
